// Vitest Snapshot v1, https://vitest.dev/guide/snapshot.html

exports[`midi > toMidi > works? 1`] = `"TVRoZAAAAAYAAAABAIBNVHJrAAAAHQCQMEAAkDRAAJA3QIQAgDBAAIA0QACAN0AA/y8A"`;

exports[`midi > toMidi > works? 2 1`] = `"TVRoZAAAAAYAAAABAIBNVHJrAAAAiQCQMEAAkDRAAJA3QIQAgDBAAIA0QACAN0AAkDJAAJA1QACQOUCBK4AyQACANUAAgDlAAJAyQACQNUAAkDlAgSuAMkAAgDVAAIA5QACQMkAAkDVAAJA5QIErgDJAAIA1QACAOUAAkChAAJA5QACQPEAAkEBAhACAKEAAgDlAAIA8QACAQEAA/y8A"`;
