// Vitest Snapshot v1, https://vitest.dev/guide/snapshot.html

exports[`midi > toMidi > works? 1`] = `"TVRoZAAAAAYAAAABAIBNVHJrAAAAHQCQMEAAkDRAAJA3QIQAgDBAAIA0QACAN0AA/y8A"`;

exports[`midi > toMidi > works? 2 1`] = `"TVRoZAAAAAYAAAABAIBNVHJrAAAAVwCQMEAAkDRAAJA3QIQAgDBAAIA0QACAN0AAkDJAAJA1QACQOUCBK4AyQACANUAAgDlAAJAoQACQOUAAkDxAAJBAQIQAgChAAIA5QACAPEAAgEBAAP8vAA=="`;
