// Vitest Snapshot v1, https://vitest.dev/guide/snapshot.html

exports[`midi > toMidi > works? 1`] = `"TVRoZAAAAAYAAAABAIBNVHJrAAAAHQCQPEAAkEBAAJBDQIQAgDxAAIBAQACAQ0AA/y8A"`;

exports[`midi > toMidi > works? 2 1`] = `"TVRoZAAAAAYAAAABAIBNVHJrAAAAiQCQPEAAkEBAAJBDQIQAgDxAAIBAQACAQ0AAkD5AAJBBQACQRUCBK4A+QACAQUAAgEVAAJA+QACQQUAAkEVAgSuAPkAAgEFAAIBFQACQPkAAkEFAAJBFQIErgD5AAIBBQACARUAAkEBAAJBFQACQSEAAkExAhACAQEAAgEVAAIBIQACATEAA/y8A"`;
